[personalportfoliowebmysteryweb1.netlify.app/index.html]
[personalportfoliowebmysteryweb1.netlify.app/style.css]
[personalportfoliowebmysteryweb1.netlify.app/responsive.css]
[personalportfoliowebmysteryweb1.netlify.app/style/light_theme.css]
[backblue.gif]
[fade.gif]
[index.html]
[personalportfoliowebmysteryweb1.netlify.app/img/profile.jpg]
[personalportfoliowebmysteryweb1.netlify.app/img/web1.jpg]
[personalportfoliowebmysteryweb1.netlify.app/img/ill2.jpg]
[personalportfoliowebmysteryweb1.netlify.app/img/photo2.jpg]
[personalportfoliowebmysteryweb1.netlify.app/img/photo1.jpg]
[personalportfoliowebmysteryweb1.netlify.app/img/ill1.jpg]
[personalportfoliowebmysteryweb1.netlify.app/img/ill3.jpg]
[personalportfoliowebmysteryweb1.netlify.app/img/web2.jpg]
[personalportfoliowebmysteryweb1.netlify.app/img/web3.jpg]
[cdnjs.cloudflare.com/ajax/libs/typed.js/2.0.12/typed.min.js]
[personalportfoliowebmysteryweb1.netlify.app/libraries/jquery.easypiechart.js]
[personalportfoliowebmysteryweb1.netlify.app/libraries/jquery.ripples-min.js]
[personalportfoliowebmysteryweb1.netlify.app/libraries/textition.js]
[personalportfoliowebmysteryweb1.netlify.app/js/library.js]
[personalportfoliowebmysteryweb1.netlify.app/index.html]
[personalportfoliowebmysteryweb1.netlify.app/js/script.js]
[personalportfoliowebmysteryweb1.netlify.app/fonts/icomoon01ef.eot]
[personalportfoliowebmysteryweb1.netlify.app/fonts/icomoon01ef.ttf]
[personalportfoliowebmysteryweb1.netlify.app/fonts/icomoon01ef.woff]
[personalportfoliowebmysteryweb1.netlify.app/style.css]
[personalportfoliowebmysteryweb1.netlify.app/responsive.css]
[personalportfoliowebmysteryweb1.netlify.app/style/light_theme.css]
[personalportfoliowebmysteryweb1.netlify.app/style/orange_main.css]
[personalportfoliowebmysteryweb1.netlify.app/style/red.css]
[personalportfoliowebmysteryweb1.netlify.app/style/red_main.css]
[personalportfoliowebmysteryweb1.netlify.app/style/green_main.css]
[personalportfoliowebmysteryweb1.netlify.app/style/blue_main.css]
[personalportfoliowebmysteryweb1.netlify.app/style/pink_main.css]
[personalportfoliowebmysteryweb1.netlify.app/style/green.css]
[personalportfoliowebmysteryweb1.netlify.app/style/blue.css]
[personalportfoliowebmysteryweb1.netlify.app/style/orange.css]
[personalportfoliowebmysteryweb1.netlify.app/style/pink.css]
[personalportfoliowebmysteryweb1.netlify.app/fonts/icomoon01ef.svg]
[personalportfoliowebmysteryweb1.netlify.app/fonts/icomoon01ef.svg]
[code.jquery.com/jquery-3.6.0.js]
